// Jest Snapshot v1, https://goo.gl/fbAQLP

exports[`device utils get icon 1`] = `
Array [
  "M693.024 330.944c-99.968-99.936-262.080-99.936-362.048 0s-99.968 262.112 0 362.080c99.968 100 262.144 99.936 362.048 0 99.968-99.904 99.968-262.176 0-362.080zM507.904 300.192c27.008 0 48.992 21.984 48.992 49.088 0 27.296-21.984 49.472-48.992 49.472-27.264 0-49.536-22.176-49.536-49.472 0-27.552 21.728-49.088 49.536-49.088zM586.656 660.8c0 10.304-4.96 15.328-15.264 15.328h-126.464c-10.304 0-15.328-5.024-15.328-15.328v-32.256c0-10.304 5.024-15.264 15.328-15.264h23.36v-136.064h-23.872c-10.304 0-15.264-5.024-15.264-15.328v-32.224c0-10.304 4.96-15.264 15.264-15.264h88.288c10.304 0 15.264 4.96 15.264 15.264v183.648h23.424c10.304 0 15.264 4.96 15.264 15.264v32.224z",
]
`;

exports[`device utils get icon 2`] = `
Array [
  "M693.12 330.88c-46.317-46.267-110.276-74.88-180.919-74.88-141.385 0-256 114.615-256 256s114.615 256 256 256c70.642 0 134.602-28.613 180.921-74.882l-0.002 0.002c46.387-46.337 75.081-110.377 75.081-181.12s-28.694-134.783-75.079-181.118l-0.002-0.002zM494.080 344.32h53.12c16 0 18.24 9.28 18.24 14.72v10.24l-10.88 194.56c0 14.4-8 17.28-18.88 17.28h-28.16c-10.56 0-17.28-2.88-18.88-17.92l-10.88-193.92v-10.56c-1.28-4.8 2.24-14.080 16.32-14.080zM521.28 717.76c-0.095 0.001-0.207 0.001-0.319 0.001-27.747 0-50.24-22.493-50.24-50.24s22.493-50.24 50.24-50.24c27.747 0 50.24 22.493 50.24 50.24 0 0.112 0 0.224-0.001 0.336v-0.017c0 0 0 0.001 0 0.001 0 27.634-22.311 50.057-49.903 50.239h-0.017z",
]
`;

exports[`device utils get icon 3`] = `
Array [
  "M795.616 735.008l-264.896-465.44c-10.272-18.080-27.168-18.080-37.504 0l-264.864 465.44c-10.272 18.176-1.696 32.992 19.040 32.992h529.184c20.8 0 29.376-14.816 19.040-32.992zM549.76 673.12c0 10.464-8.48 18.976-18.912 18.976h-37.792c-10.336 0-18.912-8.512-18.912-18.976v-37.952c0-10.464 8.576-18.976 18.912-18.976h37.792c10.4 0 18.912 8.544 18.912 18.976v37.952zM549.76 559.264c0 10.464-8.48 18.976-18.912 18.976h-37.792c-10.336 0-18.912-8.512-18.912-18.976v-113.856c0-10.464 8.576-18.976 18.912-18.976h37.792c10.4 0 18.912 8.544 18.912 18.976v113.856z",
]
`;

exports[`device utils get icon 4`] = `
Array [
  "M692.8 313.92l-1.92-1.92c-6.246-7.057-15.326-11.484-25.44-11.484s-19.194 4.427-25.409 11.448l-0.031 0.036-196.48 224-3.84 1.6-3.84-1.92-48.64-57.28c-7.010-7.905-17.193-12.862-28.533-12.862-21.031 0-38.080 17.049-38.080 38.080 0 7.495 2.165 14.485 5.905 20.377l-0.092-0.155 100.8 148.16c5.391 8.036 14.386 13.292 24.618 13.44h8.662c17.251-0.146 32.385-9.075 41.163-22.529l0.117-0.191 195.2-296.32c4.473-6.632 7.141-14.803 7.141-23.597 0-11.162-4.297-21.32-11.326-28.911l0.025 0.028z",
]
`;

exports[`device utils get icon 5`] = `undefined`;

exports[`device utils get icon 6`] = `undefined`;

exports[`device utils get status 1`] = `"#1E7FF0"`;

exports[`device utils get status 2`] = `"#ED1212"`;

exports[`device utils get status 3`] = `"#EB8A00"`;

exports[`device utils get status 4`] = `"#01B757"`;

exports[`device utils get status 5`] = `null`;

exports[`device utils get status 6`] = `null`;
